
>>> Syntax error at line 1: unexpected token -> ERROR: :
      
>>> Syntax error at line 1: unexpected token -> ERROR: :

>>> Syntax error at line 1: unexpected token -> ERROR: :
      
>>> Syntax error at line 1: unexpected token -> ERROR: :

>>> Syntax error at line 1: unexpected token -> ID, name= vector
      
>>> Syntax error at line 1: unexpected token -> <
      
>>> Syntax error at line 1: unexpected token -> <

>>> Syntax error at line 1: unexpected token -> ID, name= std
      
>>> Syntax error at line 1: unexpected token -> ERROR: :
      
>>> Syntax error at line 1: unexpected token -> ERROR: :

>>> Syntax error at line 1: unexpected token -> ERROR: :
      
>>> Syntax error at line 1: unexpected token -> ERROR: :

>>> Syntax error at line 1: unexpected token -> ID, name= string
      
>>> Syntax error at line 1: unexpected token -> Unknown token: 18
      
>>> Syntax error at line 1: unexpected token -> Unknown token: 18

>>> Syntax error at line 1: unexpected token -> ID, name= ErrorVec
      
>>> Syntax error at line 1: unexpected token -> (
      
>>> Syntax error at line 1: unexpected token -> (

>>> Syntax error at line 1: unexpected token -> )
      
>>> Syntax error at line 1: unexpected token -> )
