IndexedSet.h:1:10: fatal error: 'vector' file not found
    1 | #include <vector>
      |          ^~~~~~~~
1 error generated.
LR1.cpp:205:5: error: call to implicitly-deleted default constructor of 'IndexedSet<Statu>'
  205 |     LR1()
      |     ^
./IndexedSet.h:159:35: note: default constructor of 'IndexedSet<Statu>' is implicitly deleted because field 'elementIndexMap' has a deleted default constructor
  159 |     std::unordered_map<T, size_t> elementIndexMap; // 元素到索引的映射
      |                                   ^
/usr/bin/../lib64/gcc/x86_64-pc-linux-gnu/14.1.1/../../../../include/c++/14.1.1/bits/unordered_map.h:148:7: note: explicitly defaulted function was implicitly deleted here
  148 |       unordered_map() = default;
      |       ^
/usr/bin/../lib64/gcc/x86_64-pc-linux-gnu/14.1.1/../../../../include/c++/14.1.1/bits/unordered_map.h:112:18: note: default constructor of 'unordered_map<Statu, unsigned long>' is implicitly deleted because field '_M_h' has a deleted default constructor
  112 |       _Hashtable _M_h;
      |                  ^
/usr/bin/../lib64/gcc/x86_64-pc-linux-gnu/14.1.1/../../../../include/c++/14.1.1/bits/hashtable.h:539:7: note: explicitly defaulted function was implicitly deleted here
  539 |       _Hashtable() = default;
      |       ^
/usr/bin/../lib64/gcc/x86_64-pc-linux-gnu/14.1.1/../../../../include/c++/14.1.1/bits/hashtable.h:186:7: note: default constructor of '_Hashtable<Statu, std::pair<const Statu, unsigned long>, std::allocator<std::pair<const Statu, unsigned long>>, std::__detail::_Select1st, std::equal_to<Statu>, std::hash<Statu>, std::__detail::_Mod_range_hashing, std::__detail::_Default_ranged_hash, std::__detail::_Prime_rehash_policy, std::__detail::_Hashtable_traits<true, false, true>>' is implicitly deleted because base class '__detail::_Hashtable_base<Statu, pair<const Statu, unsigned long>, _Select1st, equal_to<Statu>, hash<Statu>, _Mod_range_hashing, _Default_ranged_hash, _Hashtable_traits<true, false, true>>' has a deleted default constructor
  186 |     : public __detail::_Hashtable_base<_Key, _Value, _ExtractKey, _Equal,
      |       ^
/usr/bin/../lib64/gcc/x86_64-pc-linux-gnu/14.1.1/../../../../include/c++/14.1.1/bits/hashtable_policy.h:1726:7: note: explicitly defaulted function was implicitly deleted here
 1726 |       _Hashtable_base() = default;
      |       ^
/usr/bin/../lib64/gcc/x86_64-pc-linux-gnu/14.1.1/../../../../include/c++/14.1.1/bits/hashtable_policy.h:1684:7: note: default constructor of '_Hashtable_base<Statu, std::pair<const Statu, unsigned long>, std::__detail::_Select1st, std::equal_to<Statu>, std::hash<Statu>, std::__detail::_Mod_range_hashing, std::__detail::_Default_ranged_hash, std::__detail::_Hashtable_traits<true, false, true>>' is implicitly deleted because base class '_Hash_code_base<Statu, pair<const Statu, unsigned long>, _Select1st, hash<Statu>, _Mod_range_hashing, _Default_ranged_hash, _Hashtable_traits<true, false, true>::__hash_cached::value>' has a deleted default constructor
 1684 |     : public _Hash_code_base<_Key, _Value, _ExtractKey, _Hash, _RangeHash,
      |       ^
/usr/bin/../lib64/gcc/x86_64-pc-linux-gnu/14.1.1/../../../../include/c++/14.1.1/bits/hashtable_policy.h:1326:7: note: explicitly defaulted function was implicitly deleted here
 1326 |       _Hash_code_base() = default;
      |       ^
/usr/bin/../lib64/gcc/x86_64-pc-linux-gnu/14.1.1/../../../../include/c++/14.1.1/bits/hashtable_policy.h:1305:7: note: default constructor of '_Hash_code_base<Statu, std::pair<const Statu, unsigned long>, std::__detail::_Select1st, std::hash<Statu>, std::__detail::_Mod_range_hashing, std::__detail::_Default_ranged_hash, true>' is implicitly deleted because base class '_Hashtable_ebo_helper<1, hash<Statu>>' has a deleted destructor
 1305 |     : private _Hashtable_ebo_helper<1, _Hash>
      |       ^
/usr/bin/../lib64/gcc/x86_64-pc-linux-gnu/14.1.1/../../../../include/c++/14.1.1/bits/hashtable_policy.h:1241:7: note: destructor of '_Hashtable_ebo_helper<1, std::hash<Statu>>' is implicitly deleted because base class 'std::hash<Statu>' has a deleted destructor
 1241 |     : private _Tp
      |       ^
/usr/bin/../lib64/gcc/x86_64-pc-linux-gnu/14.1.1/../../../../include/c++/14.1.1/bits/functional_hash.h:102:19: note: destructor of 'hash<Statu>' is implicitly deleted because base class '__hash_enum<Statu>' has an inaccessible destructor
  102 |     struct hash : __hash_enum<_Tp>
      |                   ^
LR1.cpp:205:5: error: call to implicitly-deleted default constructor of 'IndexedSet<Grammer>'
  205 |     LR1()
      |     ^
./IndexedSet.h:159:35: note: default constructor of 'IndexedSet<Grammer>' is implicitly deleted because field 'elementIndexMap' has a deleted default constructor
  159 |     std::unordered_map<T, size_t> elementIndexMap; // 元素到索引的映射
      |                                   ^
/usr/bin/../lib64/gcc/x86_64-pc-linux-gnu/14.1.1/../../../../include/c++/14.1.1/bits/unordered_map.h:148:7: note: explicitly defaulted function was implicitly deleted here
  148 |       unordered_map() = default;
      |       ^
/usr/bin/../lib64/gcc/x86_64-pc-linux-gnu/14.1.1/../../../../include/c++/14.1.1/bits/unordered_map.h:112:18: note: default constructor of 'unordered_map<Grammer, unsigned long>' is implicitly deleted because field '_M_h' has a deleted default constructor
  112 |       _Hashtable _M_h;
      |                  ^
/usr/bin/../lib64/gcc/x86_64-pc-linux-gnu/14.1.1/../../../../include/c++/14.1.1/bits/hashtable.h:539:7: note: explicitly defaulted function was implicitly deleted here
  539 |       _Hashtable() = default;
      |       ^
/usr/bin/../lib64/gcc/x86_64-pc-linux-gnu/14.1.1/../../../../include/c++/14.1.1/bits/hashtable.h:186:7: note: default constructor of '_Hashtable<Grammer, std::pair<const Grammer, unsigned long>, std::allocator<std::pair<const Grammer, unsigned long>>, std::__detail::_Select1st, std::equal_to<Grammer>, std::hash<Grammer>, std::__detail::_Mod_range_hashing, std::__detail::_Default_ranged_hash, std::__detail::_Prime_rehash_policy, std::__detail::_Hashtable_traits<true, false, true>>' is implicitly deleted because base class '__detail::_Hashtable_base<Grammer, pair<const Grammer, unsigned long>, _Select1st, equal_to<Grammer>, hash<Grammer>, _Mod_range_hashing, _Default_ranged_hash, _Hashtable_traits<true, false, true>>' has a deleted default constructor
  186 |     : public __detail::_Hashtable_base<_Key, _Value, _ExtractKey, _Equal,
      |       ^
/usr/bin/../lib64/gcc/x86_64-pc-linux-gnu/14.1.1/../../../../include/c++/14.1.1/bits/hashtable_policy.h:1726:7: note: explicitly defaulted function was implicitly deleted here
 1726 |       _Hashtable_base() = default;
      |       ^
/usr/bin/../lib64/gcc/x86_64-pc-linux-gnu/14.1.1/../../../../include/c++/14.1.1/bits/hashtable_policy.h:1684:7: note: default constructor of '_Hashtable_base<Grammer, std::pair<const Grammer, unsigned long>, std::__detail::_Select1st, std::equal_to<Grammer>, std::hash<Grammer>, std::__detail::_Mod_range_hashing, std::__detail::_Default_ranged_hash, std::__detail::_Hashtable_traits<true, false, true>>' is implicitly deleted because base class '_Hash_code_base<Grammer, pair<const Grammer, unsigned long>, _Select1st, hash<Grammer>, _Mod_range_hashing, _Default_ranged_hash, _Hashtable_traits<true, false, true>::__hash_cached::value>' has a deleted default constructor
 1684 |     : public _Hash_code_base<_Key, _Value, _ExtractKey, _Hash, _RangeHash,
      |       ^
/usr/bin/../lib64/gcc/x86_64-pc-linux-gnu/14.1.1/../../../../include/c++/14.1.1/bits/hashtable_policy.h:1326:7: note: explicitly defaulted function was implicitly deleted here
 1326 |       _Hash_code_base() = default;
      |       ^
/usr/bin/../lib64/gcc/x86_64-pc-linux-gnu/14.1.1/../../../../include/c++/14.1.1/bits/hashtable_policy.h:1305:7: note: default constructor of '_Hash_code_base<Grammer, std::pair<const Grammer, unsigned long>, std::__detail::_Select1st, std::hash<Grammer>, std::__detail::_Mod_range_hashing, std::__detail::_Default_ranged_hash, true>' is implicitly deleted because base class '_Hashtable_ebo_helper<1, hash<Grammer>>' has a deleted destructor
 1305 |     : private _Hashtable_ebo_helper<1, _Hash>
      |       ^
/usr/bin/../lib64/gcc/x86_64-pc-linux-gnu/14.1.1/../../../../include/c++/14.1.1/bits/hashtable_policy.h:1241:7: note: destructor of '_Hashtable_ebo_helper<1, std::hash<Grammer>>' is implicitly deleted because base class 'std::hash<Grammer>' has a deleted destructor
 1241 |     : private _Tp
      |       ^
/usr/bin/../lib64/gcc/x86_64-pc-linux-gnu/14.1.1/../../../../include/c++/14.1.1/bits/functional_hash.h:102:19: note: destructor of 'hash<Grammer>' is implicitly deleted because base class '__hash_enum<Grammer>' has an inaccessible destructor
  102 |     struct hash : __hash_enum<_Tp>
      |                   ^
LR1.cpp:304:25: error: call to implicitly-deleted default constructor of 'IndexedSet<Grammer>'
  304 |     IndexedSet<Grammer> grammers;
      |                         ^
./IndexedSet.h:159:35: note: default constructor of 'IndexedSet<Grammer>' is implicitly deleted because field 'elementIndexMap' has a deleted default constructor
  159 |     std::unordered_map<T, size_t> elementIndexMap; // 元素到索引的映射
      |                                   ^
/usr/bin/../lib64/gcc/x86_64-pc-linux-gnu/14.1.1/../../../../include/c++/14.1.1/bits/unordered_map.h:148:7: note: explicitly defaulted function was implicitly deleted here
  148 |       unordered_map() = default;
      |       ^
/usr/bin/../lib64/gcc/x86_64-pc-linux-gnu/14.1.1/../../../../include/c++/14.1.1/bits/unordered_map.h:112:18: note: default constructor of 'unordered_map<Grammer, unsigned long>' is implicitly deleted because field '_M_h' has a deleted default constructor
  112 |       _Hashtable _M_h;
      |                  ^
/usr/bin/../lib64/gcc/x86_64-pc-linux-gnu/14.1.1/../../../../include/c++/14.1.1/bits/hashtable.h:539:7: note: explicitly defaulted function was implicitly deleted here
  539 |       _Hashtable() = default;
      |       ^
/usr/bin/../lib64/gcc/x86_64-pc-linux-gnu/14.1.1/../../../../include/c++/14.1.1/bits/hashtable.h:186:7: note: default constructor of '_Hashtable<Grammer, std::pair<const Grammer, unsigned long>, std::allocator<std::pair<const Grammer, unsigned long>>, std::__detail::_Select1st, std::equal_to<Grammer>, std::hash<Grammer>, std::__detail::_Mod_range_hashing, std::__detail::_Default_ranged_hash, std::__detail::_Prime_rehash_policy, std::__detail::_Hashtable_traits<true, false, true>>' is implicitly deleted because base class '__detail::_Hashtable_base<Grammer, pair<const Grammer, unsigned long>, _Select1st, equal_to<Grammer>, hash<Grammer>, _Mod_range_hashing, _Default_ranged_hash, _Hashtable_traits<true, false, true>>' has a deleted default constructor
  186 |     : public __detail::_Hashtable_base<_Key, _Value, _ExtractKey, _Equal,
      |       ^
/usr/bin/../lib64/gcc/x86_64-pc-linux-gnu/14.1.1/../../../../include/c++/14.1.1/bits/hashtable_policy.h:1726:7: note: explicitly defaulted function was implicitly deleted here
 1726 |       _Hashtable_base() = default;
      |       ^
/usr/bin/../lib64/gcc/x86_64-pc-linux-gnu/14.1.1/../../../../include/c++/14.1.1/bits/hashtable_policy.h:1684:7: note: default constructor of '_Hashtable_base<Grammer, std::pair<const Grammer, unsigned long>, std::__detail::_Select1st, std::equal_to<Grammer>, std::hash<Grammer>, std::__detail::_Mod_range_hashing, std::__detail::_Default_ranged_hash, std::__detail::_Hashtable_traits<true, false, true>>' is implicitly deleted because base class '_Hash_code_base<Grammer, pair<const Grammer, unsigned long>, _Select1st, hash<Grammer>, _Mod_range_hashing, _Default_ranged_hash, _Hashtable_traits<true, false, true>::__hash_cached::value>' has a deleted default constructor
 1684 |     : public _Hash_code_base<_Key, _Value, _ExtractKey, _Hash, _RangeHash,
      |       ^
/usr/bin/../lib64/gcc/x86_64-pc-linux-gnu/14.1.1/../../../../include/c++/14.1.1/bits/hashtable_policy.h:1326:7: note: explicitly defaulted function was implicitly deleted here
 1326 |       _Hash_code_base() = default;
      |       ^
/usr/bin/../lib64/gcc/x86_64-pc-linux-gnu/14.1.1/../../../../include/c++/14.1.1/bits/hashtable_policy.h:1305:7: note: default constructor of '_Hash_code_base<Grammer, std::pair<const Grammer, unsigned long>, std::__detail::_Select1st, std::hash<Grammer>, std::__detail::_Mod_range_hashing, std::__detail::_Default_ranged_hash, true>' is implicitly deleted because base class '_Hashtable_ebo_helper<1, hash<Grammer>>' has a deleted destructor
 1305 |     : private _Hashtable_ebo_helper<1, _Hash>
      |       ^
/usr/bin/../lib64/gcc/x86_64-pc-linux-gnu/14.1.1/../../../../include/c++/14.1.1/bits/hashtable_policy.h:1241:7: note: destructor of '_Hashtable_ebo_helper<1, std::hash<Grammer>>' is implicitly deleted because base class 'std::hash<Grammer>' has a deleted destructor
 1241 |     : private _Tp
      |       ^
/usr/bin/../lib64/gcc/x86_64-pc-linux-gnu/14.1.1/../../../../include/c++/14.1.1/bits/functional_hash.h:102:19: note: destructor of 'hash<Grammer>' is implicitly deleted because base class '__hash_enum<Grammer>' has an inaccessible destructor
  102 |     struct hash : __hash_enum<_Tp>
      |                   ^
In file included from LR1.cpp:6:
./IndexedSet.h:142:29: error: invalid operands to binary expression ('const value_type' (aka 'const Item') and 'const value_type')
  142 |             if (elements[i] != other.elements[i])
      |                 ~~~~~~~~~~~ ^  ~~~~~~~~~~~~~~~~~
LR1.cpp:63:22: note: in instantiation of member function 'IndexedSet<Item>::operator==' requested here
   63 |         return items == other.items;
      |                      ^
In file included from LR1.cpp:2:
In file included from /usr/bin/../lib64/gcc/x86_64-pc-linux-gnu/14.1.1/../../../../include/c++/14.1.1/unordered_set:41:
In file included from /usr/bin/../lib64/gcc/x86_64-pc-linux-gnu/14.1.1/../../../../include/c++/14.1.1/bits/unordered_set.h:33:
/usr/bin/../lib64/gcc/x86_64-pc-linux-gnu/14.1.1/../../../../include/c++/14.1.1/bits/hashtable.h:1332:26: error: call to deleted member function 'operator='
 1332 |               __hashtable_base::operator=(__ht);
      |               ~~~~~~~~~~~~~~~~~~^~~~~~~~~
/usr/bin/../lib64/gcc/x86_64-pc-linux-gnu/14.1.1/../../../../include/c++/14.1.1/bits/unordered_map.h:279:47: note: in instantiation of member function 'std::_Hashtable<Grammer, std::pair<const Grammer, unsigned long>, std::allocator<std::pair<const Grammer, unsigned long>>, std::__detail::_Select1st, std::equal_to<Grammer>, std::hash<Grammer>, std::__detail::_Mod_range_hashing, std::__detail::_Default_ranged_hash, std::__detail::_Prime_rehash_policy, std::__detail::_Hashtable_traits<true, false, true>>::operator=' requested here
  279 |       operator=(const unordered_map&) = default;
      |                                               ^
/usr/bin/../lib64/gcc/x86_64-pc-linux-gnu/14.1.1/../../../../include/c++/14.1.1/bits/hashtable_policy.h:1683:12: note: candidate function (the implicit copy assignment operator) has been implicitly deleted
 1683 |     struct _Hashtable_base
      |            ^
In file included from LR1.cpp:2:
In file included from /usr/bin/../lib64/gcc/x86_64-pc-linux-gnu/14.1.1/../../../../include/c++/14.1.1/unordered_set:41:
In file included from /usr/bin/../lib64/gcc/x86_64-pc-linux-gnu/14.1.1/../../../../include/c++/14.1.1/bits/unordered_set.h:33:
/usr/bin/../lib64/gcc/x86_64-pc-linux-gnu/14.1.1/../../../../include/c++/14.1.1/bits/hashtable.h:1384:24: error: call to deleted member function 'operator='
 1384 |             __hashtable_base::operator=(std::forward<_Ht>(__ht));
      |             ~~~~~~~~~~~~~~~~~~^~~~~~~~~
/usr/bin/../lib64/gcc/x86_64-pc-linux-gnu/14.1.1/../../../../include/c++/14.1.1/bits/hashtable.h:1354:7: note: in instantiation of function template specialization 'std::_Hashtable<Grammer, std::pair<const Grammer, unsigned long>, std::allocator<std::pair<const Grammer, unsigned long>>, std::__detail::_Select1st, std::equal_to<Grammer>, std::hash<Grammer>, std::__detail::_Mod_range_hashing, std::__detail::_Default_ranged_hash, std::__detail::_Prime_rehash_policy, std::__detail::_Hashtable_traits<true, false, true>>::_M_assign_elements<const std::_Hashtable<Grammer, std::pair<const Grammer, unsigned long>, std::allocator<std::pair<const Grammer, unsigned long>>, std::__detail::_Select1st, std::equal_to<Grammer>, std::hash<Grammer>, std::__detail::_Mod_range_hashing, std::__detail::_Default_ranged_hash, std::__detail::_Prime_rehash_policy, std::__detail::_Hashtable_traits<true, false, true>> &>' requested here
 1354 |       _M_assign_elements(__ht);
      |       ^
/usr/bin/../lib64/gcc/x86_64-pc-linux-gnu/14.1.1/../../../../include/c++/14.1.1/bits/unordered_map.h:279:47: note: in instantiation of member function 'std::_Hashtable<Grammer, std::pair<const Grammer, unsigned long>, std::allocator<std::pair<const Grammer, unsigned long>>, std::__detail::_Select1st, std::equal_to<Grammer>, std::hash<Grammer>, std::__detail::_Mod_range_hashing, std::__detail::_Default_ranged_hash, std::__detail::_Prime_rehash_policy, std::__detail::_Hashtable_traits<true, false, true>>::operator=' requested here
  279 |       operator=(const unordered_map&) = default;
      |                                               ^
/usr/bin/../lib64/gcc/x86_64-pc-linux-gnu/14.1.1/../../../../include/c++/14.1.1/bits/hashtable_policy.h:1683:12: note: candidate function (the implicit copy assignment operator) has been implicitly deleted
 1683 |     struct _Hashtable_base
      |            ^
/usr/bin/../lib64/gcc/x86_64-pc-linux-gnu/14.1.1/../../../../include/c++/14.1.1/bits/hashtable_policy.h:1333:16: error: static assertion failed due to requirement 'std::__is_invocable<const std::hash<Statu> &, const Statu &>{}': hash function must be invocable with an argument of key type
 1333 |         static_assert(__is_invocable<const _Hash&, const _Key&>{},
      |                       ^~~~~~~~~~~~~~~~~~~~~~~~~~~~~~~~~~~~~~~~~~~
/usr/bin/../lib64/gcc/x86_64-pc-linux-gnu/14.1.1/../../../../include/c++/14.1.1/bits/hashtable.h:1736:34: note: in instantiation of member function 'std::__detail::_Hash_code_base<Statu, std::pair<const Statu, unsigned long>, std::__detail::_Select1st, std::hash<Statu>, std::__detail::_Mod_range_hashing, std::__detail::_Default_ranged_hash, true>::_M_hash_code' requested here
 1736 |       __hash_code __code = this->_M_hash_code(__k);
      |                                  ^
/usr/bin/../lib64/gcc/x86_64-pc-linux-gnu/14.1.1/../../../../include/c++/14.1.1/bits/unordered_map.h:877:21: note: in instantiation of member function 'std::_Hashtable<Statu, std::pair<const Statu, unsigned long>, std::allocator<std::pair<const Statu, unsigned long>>, std::__detail::_Select1st, std::equal_to<Statu>, std::hash<Statu>, std::__detail::_Mod_range_hashing, std::__detail::_Default_ranged_hash, std::__detail::_Prime_rehash_policy, std::__detail::_Hashtable_traits<true, false, true>>::find' requested here
  877 |       { return _M_h.find(__x); }
      |                     ^
./IndexedSet.h:13:35: note: in instantiation of member function 'std::unordered_map<Statu, unsigned long>::find' requested here
   13 |         auto it = elementIndexMap.find(element);
      |                                   ^
LR1.cpp:154:30: note: in instantiation of member function 'IndexedSet<Statu>::insert' requested here
  154 |         int startId = status.insert(startStatu);
      |                              ^
In file included from LR1.cpp:2:
In file included from /usr/bin/../lib64/gcc/x86_64-pc-linux-gnu/14.1.1/../../../../include/c++/14.1.1/unordered_set:41:
In file included from /usr/bin/../lib64/gcc/x86_64-pc-linux-gnu/14.1.1/../../../../include/c++/14.1.1/bits/unordered_set.h:33:
In file included from /usr/bin/../lib64/gcc/x86_64-pc-linux-gnu/14.1.1/../../../../include/c++/14.1.1/bits/hashtable.h:35:
/usr/bin/../lib64/gcc/x86_64-pc-linux-gnu/14.1.1/../../../../include/c++/14.1.1/bits/hashtable_policy.h:1335:9: error: type 'const std::hash<Statu>' does not provide a call operator
 1335 |         return _M_hash()(__k);
      |                ^~~~~~~~~
In file included from LR1.cpp:2:
In file included from /usr/bin/../lib64/gcc/x86_64-pc-linux-gnu/14.1.1/../../../../include/c++/14.1.1/unordered_set:41:
In file included from /usr/bin/../lib64/gcc/x86_64-pc-linux-gnu/14.1.1/../../../../include/c++/14.1.1/bits/unordered_set.h:33:
/usr/bin/../lib64/gcc/x86_64-pc-linux-gnu/14.1.1/../../../../include/c++/14.1.1/bits/hashtable.h:2154:29: error: no matching member function for call to '_M_hash_code'
 2154 |         __hash_code __code = this->_M_hash_code(__k);
      |                              ~~~~~~^~~~~~~~~~~~
/usr/bin/../lib64/gcc/x86_64-pc-linux-gnu/14.1.1/../../../../include/c++/14.1.1/bits/hashtable.h:1001:11: note: in instantiation of function template specialization 'std::_Hashtable<Statu, std::pair<const Statu, unsigned long>, std::allocator<std::pair<const Statu, unsigned long>>, std::__detail::_Select1st, std::equal_to<Statu>, std::hash<Statu>, std::__detail::_Mod_range_hashing, std::__detail::_Default_ranged_hash, std::__detail::_Prime_rehash_policy, std::__detail::_Hashtable_traits<true, false, true>>::_M_emplace<const Statu &, unsigned long &>' requested here
 1001 |         { return _M_emplace(__unique_keys{}, std::forward<_Args>(__args)...); }
      |                  ^
/usr/bin/../lib64/gcc/x86_64-pc-linux-gnu/14.1.1/../../../../include/c++/14.1.1/bits/unordered_map.h:396:16: note: in instantiation of function template specialization 'std::_Hashtable<Statu, std::pair<const Statu, unsigned long>, std::allocator<std::pair<const Statu, unsigned long>>, std::__detail::_Select1st, std::equal_to<Statu>, std::hash<Statu>, std::__detail::_Mod_range_hashing, std::__detail::_Default_ranged_hash, std::__detail::_Prime_rehash_policy, std::__detail::_Hashtable_traits<true, false, true>>::emplace<const Statu &, unsigned long &>' requested here
  396 |         { return _M_h.emplace(std::forward<_Args>(__args)...); }
      |                       ^
./IndexedSet.h:20:25: note: in instantiation of function template specialization 'std::unordered_map<Statu, unsigned long>::emplace<const Statu &, unsigned long &>' requested here
   20 |         elementIndexMap.emplace(element, index);
      |                         ^
LR1.cpp:154:30: note: in instantiation of member function 'IndexedSet<Statu>::insert' requested here
  154 |         int startId = status.insert(startStatu);
      |                              ^
/usr/bin/../lib64/gcc/x86_64-pc-linux-gnu/14.1.1/../../../../include/c++/14.1.1/bits/hashtable_policy.h:1348:7: note: candidate function not viable: no known conversion from 'const key_type' (aka 'const Statu') to 'const _Hash_node_value<pair<const Statu, unsigned long>, false>' for 1st argument
 1348 |       _M_hash_code(const _Hash_node_value<_Value, false>& __n) const
      |       ^            ~~~~~~~~~~~~~~~~~~~~~~~~~~~~~~~~~~~~~~~~~~
/usr/bin/../lib64/gcc/x86_64-pc-linux-gnu/14.1.1/../../../../include/c++/14.1.1/bits/hashtable_policy.h:1352:7: note: candidate function not viable: no known conversion from 'const key_type' (aka 'const Statu') to 'const _Hash_node_value<pair<const Statu, unsigned long>, true>' for 1st argument
 1352 |       _M_hash_code(const _Hash_node_value<_Value, true>& __n) const
      |       ^            ~~~~~~~~~~~~~~~~~~~~~~~~~~~~~~~~~~~~~~~~~
In file included from LR1.cpp:2:
In file included from /usr/bin/../lib64/gcc/x86_64-pc-linux-gnu/14.1.1/../../../../include/c++/14.1.1/unordered_set:41:
In file included from /usr/bin/../lib64/gcc/x86_64-pc-linux-gnu/14.1.1/../../../../include/c++/14.1.1/bits/unordered_set.h:33:
/usr/bin/../lib64/gcc/x86_64-pc-linux-gnu/14.1.1/../../../../include/c++/14.1.1/bits/hashtable.h:623:7: error: attempt to use a deleted function
  623 |       ~_Hashtable() noexcept;
      |       ^
/usr/bin/../lib64/gcc/x86_64-pc-linux-gnu/14.1.1/../../../../include/c++/14.1.1/bits/unordered_map.h:109:11: note: in instantiation of member function 'std::_Hashtable<Statu, std::pair<const Statu, unsigned long>, std::allocator<std::pair<const Statu, unsigned long>>, std::__detail::_Select1st, std::equal_to<Statu>, std::hash<Statu>, std::__detail::_Mod_range_hashing, std::__detail::_Default_ranged_hash, std::__detail::_Prime_rehash_policy, std::__detail::_Hashtable_traits<true, false, true>>::~_Hashtable' requested here
  109 |     class unordered_map
      |           ^
/usr/bin/../lib64/gcc/x86_64-pc-linux-gnu/14.1.1/../../../../include/c++/14.1.1/bits/hashtable_policy.h:1684:7: note: destructor of '_Hashtable_base<Statu, std::pair<const Statu, unsigned long>, std::__detail::_Select1st, std::equal_to<Statu>, std::hash<Statu>, std::__detail::_Mod_range_hashing, std::__detail::_Default_ranged_hash, std::__detail::_Hashtable_traits<true, false, true>>' is implicitly deleted because base class '_Hash_code_base<Statu, pair<const Statu, unsigned long>, _Select1st, hash<Statu>, _Mod_range_hashing, _Default_ranged_hash, _Hashtable_traits<true, false, true>::__hash_cached::value>' has a deleted destructor
 1684 |     : public _Hash_code_base<_Key, _Value, _ExtractKey, _Hash, _RangeHash,
      |       ^
/usr/bin/../lib64/gcc/x86_64-pc-linux-gnu/14.1.1/../../../../include/c++/14.1.1/bits/hashtable_policy.h:1305:7: note: destructor of '_Hash_code_base<Statu, std::pair<const Statu, unsigned long>, std::__detail::_Select1st, std::hash<Statu>, std::__detail::_Mod_range_hashing, std::__detail::_Default_ranged_hash, true>' is implicitly deleted because base class '_Hashtable_ebo_helper<1, hash<Statu>>' has a deleted destructor
 1305 |     : private _Hashtable_ebo_helper<1, _Hash>
      |       ^
/usr/bin/../lib64/gcc/x86_64-pc-linux-gnu/14.1.1/../../../../include/c++/14.1.1/bits/hashtable_policy.h:1241:7: note: destructor of '_Hashtable_ebo_helper<1, std::hash<Statu>>' is implicitly deleted because base class 'std::hash<Statu>' has a deleted destructor
 1241 |     : private _Tp
      |       ^
/usr/bin/../lib64/gcc/x86_64-pc-linux-gnu/14.1.1/../../../../include/c++/14.1.1/bits/functional_hash.h:102:19: note: destructor of 'hash<Statu>' is implicitly deleted because base class '__hash_enum<Statu>' has an inaccessible destructor
  102 |     struct hash : __hash_enum<_Tp>
      |                   ^
In file included from LR1.cpp:2:
In file included from /usr/bin/../lib64/gcc/x86_64-pc-linux-gnu/14.1.1/../../../../include/c++/14.1.1/unordered_set:41:
In file included from /usr/bin/../lib64/gcc/x86_64-pc-linux-gnu/14.1.1/../../../../include/c++/14.1.1/bits/unordered_set.h:33:
/usr/bin/../lib64/gcc/x86_64-pc-linux-gnu/14.1.1/../../../../include/c++/14.1.1/bits/hashtable.h:623:7: error: attempt to use a deleted function
  623 |       ~_Hashtable() noexcept;
      |       ^
/usr/bin/../lib64/gcc/x86_64-pc-linux-gnu/14.1.1/../../../../include/c++/14.1.1/bits/unordered_map.h:109:11: note: in instantiation of member function 'std::_Hashtable<Grammer, std::pair<const Grammer, unsigned long>, std::allocator<std::pair<const Grammer, unsigned long>>, std::__detail::_Select1st, std::equal_to<Grammer>, std::hash<Grammer>, std::__detail::_Mod_range_hashing, std::__detail::_Default_ranged_hash, std::__detail::_Prime_rehash_policy, std::__detail::_Hashtable_traits<true, false, true>>::~_Hashtable' requested here
  109 |     class unordered_map
      |           ^
/usr/bin/../lib64/gcc/x86_64-pc-linux-gnu/14.1.1/../../../../include/c++/14.1.1/bits/hashtable_policy.h:1684:7: note: destructor of '_Hashtable_base<Grammer, std::pair<const Grammer, unsigned long>, std::__detail::_Select1st, std::equal_to<Grammer>, std::hash<Grammer>, std::__detail::_Mod_range_hashing, std::__detail::_Default_ranged_hash, std::__detail::_Hashtable_traits<true, false, true>>' is implicitly deleted because base class '_Hash_code_base<Grammer, pair<const Grammer, unsigned long>, _Select1st, hash<Grammer>, _Mod_range_hashing, _Default_ranged_hash, _Hashtable_traits<true, false, true>::__hash_cached::value>' has a deleted destructor
 1684 |     : public _Hash_code_base<_Key, _Value, _ExtractKey, _Hash, _RangeHash,
      |       ^
/usr/bin/../lib64/gcc/x86_64-pc-linux-gnu/14.1.1/../../../../include/c++/14.1.1/bits/hashtable_policy.h:1305:7: note: destructor of '_Hash_code_base<Grammer, std::pair<const Grammer, unsigned long>, std::__detail::_Select1st, std::hash<Grammer>, std::__detail::_Mod_range_hashing, std::__detail::_Default_ranged_hash, true>' is implicitly deleted because base class '_Hashtable_ebo_helper<1, hash<Grammer>>' has a deleted destructor
 1305 |     : private _Hashtable_ebo_helper<1, _Hash>
      |       ^
/usr/bin/../lib64/gcc/x86_64-pc-linux-gnu/14.1.1/../../../../include/c++/14.1.1/bits/hashtable_policy.h:1241:7: note: destructor of '_Hashtable_ebo_helper<1, std::hash<Grammer>>' is implicitly deleted because base class 'std::hash<Grammer>' has a deleted destructor
 1241 |     : private _Tp
      |       ^
/usr/bin/../lib64/gcc/x86_64-pc-linux-gnu/14.1.1/../../../../include/c++/14.1.1/bits/functional_hash.h:102:19: note: destructor of 'hash<Grammer>' is implicitly deleted because base class '__hash_enum<Grammer>' has an inaccessible destructor
  102 |     struct hash : __hash_enum<_Tp>
      |                   ^
In file included from LR1.cpp:2:
In file included from /usr/bin/../lib64/gcc/x86_64-pc-linux-gnu/14.1.1/../../../../include/c++/14.1.1/unordered_set:41:
In file included from /usr/bin/../lib64/gcc/x86_64-pc-linux-gnu/14.1.1/../../../../include/c++/14.1.1/bits/unordered_set.h:33:
In file included from /usr/bin/../lib64/gcc/x86_64-pc-linux-gnu/14.1.1/../../../../include/c++/14.1.1/bits/hashtable.h:35:
/usr/bin/../lib64/gcc/x86_64-pc-linux-gnu/14.1.1/../../../../include/c++/14.1.1/bits/hashtable_policy.h:1333:16: error: static assertion failed due to requirement 'std::__is_invocable<const std::hash<Grammer> &, const Grammer &>{}': hash function must be invocable with an argument of key type
 1333 |         static_assert(__is_invocable<const _Hash&, const _Key&>{},
      |                       ^~~~~~~~~~~~~~~~~~~~~~~~~~~~~~~~~~~~~~~~~~~
/usr/bin/../lib64/gcc/x86_64-pc-linux-gnu/14.1.1/../../../../include/c++/14.1.1/bits/hashtable.h:1736:34: note: in instantiation of member function 'std::__detail::_Hash_code_base<Grammer, std::pair<const Grammer, unsigned long>, std::__detail::_Select1st, std::hash<Grammer>, std::__detail::_Mod_range_hashing, std::__detail::_Default_ranged_hash, true>::_M_hash_code' requested here
 1736 |       __hash_code __code = this->_M_hash_code(__k);
      |                                  ^
/usr/bin/../lib64/gcc/x86_64-pc-linux-gnu/14.1.1/../../../../include/c++/14.1.1/bits/unordered_map.h:877:21: note: in instantiation of member function 'std::_Hashtable<Grammer, std::pair<const Grammer, unsigned long>, std::allocator<std::pair<const Grammer, unsigned long>>, std::__detail::_Select1st, std::equal_to<Grammer>, std::hash<Grammer>, std::__detail::_Mod_range_hashing, std::__detail::_Default_ranged_hash, std::__detail::_Prime_rehash_policy, std::__detail::_Hashtable_traits<true, false, true>>::find' requested here
  877 |       { return _M_h.find(__x); }
      |                     ^
./IndexedSet.h:13:35: note: in instantiation of member function 'std::unordered_map<Grammer, unsigned long>::find' requested here
   13 |         auto it = elementIndexMap.find(element);
      |                                   ^
LR1.cpp:305:14: note: in instantiation of member function 'IndexedSet<Grammer>::insert' requested here
  305 |     grammers.insert({"S'", {"S"}});
      |              ^
In file included from LR1.cpp:2:
In file included from /usr/bin/../lib64/gcc/x86_64-pc-linux-gnu/14.1.1/../../../../include/c++/14.1.1/unordered_set:41:
In file included from /usr/bin/../lib64/gcc/x86_64-pc-linux-gnu/14.1.1/../../../../include/c++/14.1.1/bits/unordered_set.h:33:
In file included from /usr/bin/../lib64/gcc/x86_64-pc-linux-gnu/14.1.1/../../../../include/c++/14.1.1/bits/hashtable.h:35:
/usr/bin/../lib64/gcc/x86_64-pc-linux-gnu/14.1.1/../../../../include/c++/14.1.1/bits/hashtable_policy.h:1335:9: error: type 'const std::hash<Grammer>' does not provide a call operator
 1335 |         return _M_hash()(__k);
      |                ^~~~~~~~~
In file included from LR1.cpp:2:
In file included from /usr/bin/../lib64/gcc/x86_64-pc-linux-gnu/14.1.1/../../../../include/c++/14.1.1/unordered_set:41:
In file included from /usr/bin/../lib64/gcc/x86_64-pc-linux-gnu/14.1.1/../../../../include/c++/14.1.1/bits/unordered_set.h:33:
/usr/bin/../lib64/gcc/x86_64-pc-linux-gnu/14.1.1/../../../../include/c++/14.1.1/bits/hashtable.h:2154:29: error: no matching member function for call to '_M_hash_code'
 2154 |         __hash_code __code = this->_M_hash_code(__k);
      |                              ~~~~~~^~~~~~~~~~~~
/usr/bin/../lib64/gcc/x86_64-pc-linux-gnu/14.1.1/../../../../include/c++/14.1.1/bits/hashtable.h:1001:11: note: in instantiation of function template specialization 'std::_Hashtable<Grammer, std::pair<const Grammer, unsigned long>, std::allocator<std::pair<const Grammer, unsigned long>>, std::__detail::_Select1st, std::equal_to<Grammer>, std::hash<Grammer>, std::__detail::_Mod_range_hashing, std::__detail::_Default_ranged_hash, std::__detail::_Prime_rehash_policy, std::__detail::_Hashtable_traits<true, false, true>>::_M_emplace<const Grammer &, unsigned long &>' requested here
 1001 |         { return _M_emplace(__unique_keys{}, std::forward<_Args>(__args)...); }
      |                  ^
/usr/bin/../lib64/gcc/x86_64-pc-linux-gnu/14.1.1/../../../../include/c++/14.1.1/bits/unordered_map.h:396:16: note: in instantiation of function template specialization 'std::_Hashtable<Grammer, std::pair<const Grammer, unsigned long>, std::allocator<std::pair<const Grammer, unsigned long>>, std::__detail::_Select1st, std::equal_to<Grammer>, std::hash<Grammer>, std::__detail::_Mod_range_hashing, std::__detail::_Default_ranged_hash, std::__detail::_Prime_rehash_policy, std::__detail::_Hashtable_traits<true, false, true>>::emplace<const Grammer &, unsigned long &>' requested here
  396 |         { return _M_h.emplace(std::forward<_Args>(__args)...); }
      |                       ^
./IndexedSet.h:20:25: note: in instantiation of function template specialization 'std::unordered_map<Grammer, unsigned long>::emplace<const Grammer &, unsigned long &>' requested here
   20 |         elementIndexMap.emplace(element, index);
      |                         ^
LR1.cpp:305:14: note: in instantiation of member function 'IndexedSet<Grammer>::insert' requested here
  305 |     grammers.insert({"S'", {"S"}});
      |              ^
/usr/bin/../lib64/gcc/x86_64-pc-linux-gnu/14.1.1/../../../../include/c++/14.1.1/bits/hashtable_policy.h:1348:7: note: candidate function not viable: no known conversion from 'const key_type' (aka 'const Grammer') to 'const _Hash_node_value<pair<const Grammer, unsigned long>, false>' for 1st argument
 1348 |       _M_hash_code(const _Hash_node_value<_Value, false>& __n) const
      |       ^            ~~~~~~~~~~~~~~~~~~~~~~~~~~~~~~~~~~~~~~~~~~
/usr/bin/../lib64/gcc/x86_64-pc-linux-gnu/14.1.1/../../../../include/c++/14.1.1/bits/hashtable_policy.h:1352:7: note: candidate function not viable: no known conversion from 'const key_type' (aka 'const Grammer') to 'const _Hash_node_value<pair<const Grammer, unsigned long>, true>' for 1st argument
 1352 |       _M_hash_code(const _Hash_node_value<_Value, true>& __n) const
      |       ^            ~~~~~~~~~~~~~~~~~~~~~~~~~~~~~~~~~~~~~~~~~
In file included from LR1.cpp:2:
In file included from /usr/bin/../lib64/gcc/x86_64-pc-linux-gnu/14.1.1/../../../../include/c++/14.1.1/unordered_set:41:
In file included from /usr/bin/../lib64/gcc/x86_64-pc-linux-gnu/14.1.1/../../../../include/c++/14.1.1/bits/unordered_set.h:33:
/usr/bin/../lib64/gcc/x86_64-pc-linux-gnu/14.1.1/../../../../include/c++/14.1.1/bits/hashtable.h:1535:7: error: call to implicitly-deleted copy constructor of '__detail::_Hashtable_base<Grammer, pair<const Grammer, unsigned long>, _Select1st, equal_to<Grammer>, hash<Grammer>, _Mod_range_hashing, _Default_ranged_hash, _Hashtable_traits<true, false, true>>'
 1535 |     : __hashtable_base(__ht),
      |       ^                ~~~~
/usr/bin/../lib64/gcc/x86_64-pc-linux-gnu/14.1.1/../../../../include/c++/14.1.1/bits/unordered_map.h:188:7: note: in instantiation of member function 'std::_Hashtable<Grammer, std::pair<const Grammer, unsigned long>, std::allocator<std::pair<const Grammer, unsigned long>>, std::__detail::_Select1st, std::equal_to<Grammer>, std::hash<Grammer>, std::__detail::_Mod_range_hashing, std::__detail::_Default_ranged_hash, std::__detail::_Prime_rehash_policy, std::__detail::_Hashtable_traits<true, false, true>>::_Hashtable' requested here
  188 |       unordered_map(const unordered_map&) = default;
      |       ^
/usr/bin/../lib64/gcc/x86_64-pc-linux-gnu/14.1.1/../../../../include/c++/14.1.1/bits/hashtable_policy.h:1684:7: note: copy constructor of '_Hashtable_base<Grammer, std::pair<const Grammer, unsigned long>, std::__detail::_Select1st, std::equal_to<Grammer>, std::hash<Grammer>, std::__detail::_Mod_range_hashing, std::__detail::_Default_ranged_hash, std::__detail::_Hashtable_traits<true, false, true>>' is implicitly deleted because base class '_Hash_code_base<Grammer, pair<const Grammer, unsigned long>, _Select1st, hash<Grammer>, _Mod_range_hashing, _Default_ranged_hash, _Hashtable_traits<true, false, true>::__hash_cached::value>' has a deleted copy constructor
 1684 |     : public _Hash_code_base<_Key, _Value, _ExtractKey, _Hash, _RangeHash,
      |       ^
/usr/bin/../lib64/gcc/x86_64-pc-linux-gnu/14.1.1/../../../../include/c++/14.1.1/bits/hashtable_policy.h:1305:7: note: copy constructor of '_Hash_code_base<Grammer, std::pair<const Grammer, unsigned long>, std::__detail::_Select1st, std::hash<Grammer>, std::__detail::_Mod_range_hashing, std::__detail::_Default_ranged_hash, true>' is implicitly deleted because base class '_Hashtable_ebo_helper<1, hash<Grammer>>' has a deleted copy constructor
 1305 |     : private _Hashtable_ebo_helper<1, _Hash>
      |       ^
/usr/bin/../lib64/gcc/x86_64-pc-linux-gnu/14.1.1/../../../../include/c++/14.1.1/bits/hashtable_policy.h:1241:7: note: copy constructor of '_Hashtable_ebo_helper<1, std::hash<Grammer>>' is implicitly deleted because base class 'std::hash<Grammer>' has a deleted copy constructor
 1241 |     : private _Tp
      |       ^
/usr/bin/../lib64/gcc/x86_64-pc-linux-gnu/14.1.1/../../../../include/c++/14.1.1/bits/functional_hash.h:102:19: note: copy constructor of 'hash<Grammer>' is implicitly deleted because base class '__hash_enum<Grammer>' has a deleted copy constructor
  102 |     struct hash : __hash_enum<_Tp>
      |                   ^
/usr/bin/../lib64/gcc/x86_64-pc-linux-gnu/14.1.1/../../../../include/c++/14.1.1/bits/functional_hash.h:83:7: note: copy constructor is implicitly deleted because '__hash_enum<Grammer>' has a user-declared move constructor
   83 |       __hash_enum(__hash_enum&&);
      |       ^
In file included from LR1.cpp:2:
In file included from /usr/bin/../lib64/gcc/x86_64-pc-linux-gnu/14.1.1/../../../../include/c++/14.1.1/unordered_set:41:
In file included from /usr/bin/../lib64/gcc/x86_64-pc-linux-gnu/14.1.1/../../../../include/c++/14.1.1/bits/unordered_set.h:33:
/usr/bin/../lib64/gcc/x86_64-pc-linux-gnu/14.1.1/../../../../include/c++/14.1.1/bits/hashtable.h:541:7: error: attempt to use a deleted function
  541 |       _Hashtable(const _Hashtable&);
      |       ^
/usr/bin/../lib64/gcc/x86_64-pc-linux-gnu/14.1.1/../../../../include/c++/14.1.1/bits/hashtable_policy.h:1684:7: note: destructor of '_Hashtable_base<Grammer, std::pair<const Grammer, unsigned long>, std::__detail::_Select1st, std::equal_to<Grammer>, std::hash<Grammer>, std::__detail::_Mod_range_hashing, std::__detail::_Default_ranged_hash, std::__detail::_Hashtable_traits<true, false, true>>' is implicitly deleted because base class '_Hash_code_base<Grammer, pair<const Grammer, unsigned long>, _Select1st, hash<Grammer>, _Mod_range_hashing, _Default_ranged_hash, _Hashtable_traits<true, false, true>::__hash_cached::value>' has a deleted destructor
 1684 |     : public _Hash_code_base<_Key, _Value, _ExtractKey, _Hash, _RangeHash,
      |       ^
/usr/bin/../lib64/gcc/x86_64-pc-linux-gnu/14.1.1/../../../../include/c++/14.1.1/bits/hashtable_policy.h:1305:7: note: destructor of '_Hash_code_base<Grammer, std::pair<const Grammer, unsigned long>, std::__detail::_Select1st, std::hash<Grammer>, std::__detail::_Mod_range_hashing, std::__detail::_Default_ranged_hash, true>' is implicitly deleted because base class '_Hashtable_ebo_helper<1, hash<Grammer>>' has a deleted destructor
 1305 |     : private _Hashtable_ebo_helper<1, _Hash>
      |       ^
/usr/bin/../lib64/gcc/x86_64-pc-linux-gnu/14.1.1/../../../../include/c++/14.1.1/bits/hashtable_policy.h:1241:7: note: destructor of '_Hashtable_ebo_helper<1, std::hash<Grammer>>' is implicitly deleted because base class 'std::hash<Grammer>' has a deleted destructor
 1241 |     : private _Tp
      |       ^
/usr/bin/../lib64/gcc/x86_64-pc-linux-gnu/14.1.1/../../../../include/c++/14.1.1/bits/functional_hash.h:102:19: note: destructor of 'hash<Grammer>' is implicitly deleted because base class '__hash_enum<Grammer>' has an inaccessible destructor
  102 |     struct hash : __hash_enum<_Tp>
      |                   ^
16 errors generated.
